Archive member included to satisfy reference by file (symbol)

C:\Users\DELL\Desktop\Wbudowane\LEGO_SmartCity\libs\libpower_hardabi.a(fsl_power_lib.o)
                              ./drivers/fsl_clock.o (POWER_SetVoltageForFreq)
C:\Users\DELL\Desktop\Wbudowane\LEGO_SmartCity\emwin\emWin_library\MCUXpresso\libemWin_M4F.a(GUIDRV_Lin_16.o)
                              ./board/emwin_support.o (GUIDRV_Lin_16_API)
C:\Users\DELL\Desktop\Wbudowane\LEGO_SmartCity\emwin\emWin_library\MCUXpresso\libemWin_M4F.a(WM.o)
                              ./source/main.o (WM_Exec)
C:\Users\DELL\Desktop\Wbudowane\LEGO_SmartCity\emwin\emWin_library\MCUXpresso\libemWin_M4F.a(WM_Touch.o)
                              C:\Users\DELL\Desktop\Wbudowane\LEGO_SmartCity\emwin\emWin_library\MCUXpresso\libemWin_M4F.a(WM.o) (WM__aCHWinMouseOver)
C:\Users\DELL\Desktop\Wbudowane\LEGO_SmartCity\emwin\emWin_library\MCUXpresso\libemWin_M4F.a(WM__Private.o)
                              C:\Users\DELL\Desktop\Wbudowane\LEGO_SmartCity\emwin\emWin_library\MCUXpresso\libemWin_M4F.a(WM_Touch.o) (WM__IsAncestor)
C:\Users\DELL\Desktop\Wbudowane\LEGO_SmartCity\emwin\emWin_library\MCUXpresso\libemWin_M4F.a(WM_Lib.o)
                              ./source/main.o (WM_GetDesktopWindow)
C:\Users\DELL\Desktop\Wbudowane\LEGO_SmartCity\emwin\emWin_library\MCUXpresso\libemWin_M4F.a(WM_Move.o)
                              C:\Users\DELL\Desktop\Wbudowane\LEGO_SmartCity\emwin\emWin_library\MCUXpresso\libemWin_M4F.a(WM_Lib.o) (WM__MoveWindow)
C:\Users\DELL\Desktop\Wbudowane\LEGO_SmartCity\emwin\emWin_library\MCUXpresso\libemWin_M4F.a(WM_PID__GetPrevState.o)
                              C:\Users\DELL\Desktop\Wbudowane\LEGO_SmartCity\emwin\emWin_library\MCUXpresso\libemWin_M4F.a(WM_Touch.o) (WM_PID__SetPrevState)
C:\Users\DELL\Desktop\Wbudowane\LEGO_SmartCity\emwin\emWin_library\MCUXpresso\libemWin_M4F.a(F6x8.o)
                              ./board/emwin_support.o (GUI_Font6x8)
C:\Users\DELL\Desktop\Wbudowane\LEGO_SmartCity\emwin\emWin_library\MCUXpresso\libemWin_M4F.a(GUI_Device.o)
                              C:\Users\DELL\Desktop\Wbudowane\LEGO_SmartCity\emwin\emWin_library\MCUXpresso\libemWin_M4F.a(WM_Touch.o) (GUI_DEVICE__GetpDriver)
C:\Users\DELL\Desktop\Wbudowane\LEGO_SmartCity\emwin\emWin_library\MCUXpresso\libemWin_M4F.a(GUI__Private.o)
                              C:\Users\DELL\Desktop\Wbudowane\LEGO_SmartCity\emwin\emWin_library\MCUXpresso\libemWin_M4F.a(WM.o) (GUI__IntersectRect)
C:\Users\DELL\Desktop\Wbudowane\LEGO_SmartCity\emwin\emWin_library\MCUXpresso\libemWin_M4F.a(GUI_OnKey.o)
                              C:\Users\DELL\Desktop\Wbudowane\LEGO_SmartCity\emwin\emWin_library\MCUXpresso\libemWin_M4F.a(WM.o) (GUI_StoreKey)
C:\Users\DELL\Desktop\Wbudowane\LEGO_SmartCity\emwin\emWin_library\MCUXpresso\libemWin_M4F.a(LCD_Set.o)
                              ./board/emwin_support.o (LCD_SetSizeEx)
C:\Users\DELL\Desktop\Wbudowane\LEGO_SmartCity\emwin\emWin_library\MCUXpresso\libemWin_M4F.a(LCD_Mirror.o)
                              C:\Users\DELL\Desktop\Wbudowane\LEGO_SmartCity\emwin\emWin_library\MCUXpresso\libemWin_M4F.a(GUIDRV_Lin_16.o) (LCD_aMirror)
C:\Users\DELL\Desktop\Wbudowane\LEGO_SmartCity\emwin\emWin_library\MCUXpresso\libemWin_M4F.a(LCD.o)
                              C:\Users\DELL\Desktop\Wbudowane\LEGO_SmartCity\emwin\emWin_library\MCUXpresso\libemWin_M4F.a(WM.o) (LCD_SetClipRectMax)
C:\Users\DELL\Desktop\Wbudowane\LEGO_SmartCity\emwin\emWin_library\MCUXpresso\libemWin_M4F.a(GUI_UC.o)
                              C:\Users\DELL\Desktop\Wbudowane\LEGO_SmartCity\emwin\emWin_library\MCUXpresso\libemWin_M4F.a(GUI__Private.o) (GUI_UC__GetCharCodeInc)
C:\Users\DELL\Desktop\Wbudowane\LEGO_SmartCity\emwin\emWin_library\MCUXpresso\libemWin_M4F.a(LCD_GetEx.o)
                              C:\Users\DELL\Desktop\Wbudowane\LEGO_SmartCity\emwin\emWin_library\MCUXpresso\libemWin_M4F.a(GUIDRV_Lin_16.o) (LCD_GetMirrorXEx)
C:\Users\DELL\Desktop\Wbudowane\LEGO_SmartCity\emwin\emWin_library\MCUXpresso\libemWin_M4F.a(GUICC_565.o)
                              ./board/emwin_support.o (LCD_API_ColorConv_565)
C:\Users\DELL\Desktop\Wbudowane\LEGO_SmartCity\emwin\emWin_library\MCUXpresso\libemWin_M4F.a(GUI_SelectLayer.o)
                              C:\Users\DELL\Desktop\Wbudowane\LEGO_SmartCity\emwin\emWin_library\MCUXpresso\libemWin_M4F.a(WM_Touch.o) (GUI_GetLayerPosEx)
C:\Users\DELL\Desktop\Wbudowane\LEGO_SmartCity\emwin\emWin_library\MCUXpresso\libemWin_M4F.a(GUI__DivTbl.o)
                              C:\Users\DELL\Desktop\Wbudowane\LEGO_SmartCity\emwin\emWin_library\MCUXpresso\libemWin_M4F.a(GUICC_565.o) (GUI__aConvert_255_63)
C:\Users\DELL\Desktop\Wbudowane\LEGO_SmartCity\emwin\emWin_library\MCUXpresso\libemWin_M4F.a(LCD_SetClipRectEx.o)
                              C:\Users\DELL\Desktop\Wbudowane\LEGO_SmartCity\emwin\emWin_library\MCUXpresso\libemWin_M4F.a(WM.o) (LCD_SetClipRectEx)
C:\Users\DELL\Desktop\Wbudowane\LEGO_SmartCity\emwin\emWin_library\MCUXpresso\libemWin_M4F.a(GUI_Cursor.o)
                              C:\Users\DELL\Desktop\Wbudowane\LEGO_SmartCity\emwin\emWin_library\MCUXpresso\libemWin_M4F.a(WM_Touch.o) (GUI_CURSOR_SetPositionEx)
C:\Users\DELL\Desktop\Wbudowane\LEGO_SmartCity\emwin\emWin_library\MCUXpresso\libemWin_M4F.a(GUI_Alloc.o)
                              C:\Users\DELL\Desktop\Wbudowane\LEGO_SmartCity\emwin\emWin_library\MCUXpresso\libemWin_M4F.a(GUI_Device.o) (GUI_ALLOC_FreeFixedBlock)
C:\Users\DELL\Desktop\Wbudowane\LEGO_SmartCity\emwin\emWin_library\MCUXpresso\libemWin_M4F.a(LCD_GetPixelColor.o)
                              C:\Users\DELL\Desktop\Wbudowane\LEGO_SmartCity\emwin\emWin_library\MCUXpresso\libemWin_M4F.a(GUI__Private.o) (LCD_GetPixelColor)
C:\Users\DELL\Desktop\Wbudowane\LEGO_SmartCity\emwin\emWin_library\MCUXpresso\libemWin_M4F.a(GUI_DrawBitmap.o)
                              C:\Users\DELL\Desktop\Wbudowane\LEGO_SmartCity\emwin\emWin_library\MCUXpresso\libemWin_M4F.a(GUI_Cursor.o) (GUI_DrawBitmap)
C:\Users\DELL\Desktop\Wbudowane\LEGO_SmartCity\emwin\emWin_library\MCUXpresso\libemWin_M4F.a(GUI__ManageCache.o)
                              C:\Users\DELL\Desktop\Wbudowane\LEGO_SmartCity\emwin\emWin_library\MCUXpresso\libemWin_M4F.a(WM.o) (GUI__ManageCache)
C:\Users\DELL\Desktop\Wbudowane\LEGO_SmartCity\emwin\emWin_library\MCUXpresso\libemWin_M4F.a(GUI_PID.o)
                              C:\Users\DELL\Desktop\Wbudowane\LEGO_SmartCity\emwin\emWin_library\MCUXpresso\libemWin_M4F.a(WM_Touch.o) (GUI_PID_GetState)
C:\Users\DELL\Desktop\Wbudowane\LEGO_SmartCity\emwin\emWin_library\MCUXpresso\libemWin_M4F.a(GUI_Core.o)
                              ./board/emwin_support.o (GUI_SetDefaultFont)
C:\Users\DELL\Desktop\Wbudowane\LEGO_SmartCity\emwin\emWin_library\MCUXpresso\libemWin_M4F.a(GUI_Common.o)
                              C:\Users\DELL\Desktop\Wbudowane\LEGO_SmartCity\emwin\emWin_library\MCUXpresso\libemWin_M4F.a(GUI__Private.o) (GUI_AddHex)
C:\Users\DELL\Desktop\Wbudowane\LEGO_SmartCity\emwin\emWin_library\MCUXpresso\libemWin_M4F.a(GUI__SinHQ.o)
                              C:\Users\DELL\Desktop\Wbudowane\LEGO_SmartCity\emwin\emWin_library\MCUXpresso\libemWin_M4F.a(GUI_Common.o) (GUI__SinHQ)
C:\Users\DELL\Desktop\Wbudowane\LEGO_SmartCity\emwin\emWin_library\MCUXpresso\libemWin_M4F.a(GUI_MULTIBUF.o)
                              ./source/main.o (GUI_MULTIBUF_Begin)
C:\Users\DELL\Desktop\Wbudowane\LEGO_SmartCity\emwin\emWin_library\MCUXpresso\libemWin_M4F.a(GUI_SPRITE_Anim.o)
                              C:\Users\DELL\Desktop\Wbudowane\LEGO_SmartCity\emwin\emWin_library\MCUXpresso\libemWin_M4F.a(GUI_Cursor.o) (GUI_SPRITE_CreateExAnim)
C:\Users\DELL\Desktop\Wbudowane\LEGO_SmartCity\emwin\emWin_library\MCUXpresso\libemWin_M4F.a(GUI_CharLine.o)
                              C:\Users\DELL\Desktop\Wbudowane\LEGO_SmartCity\emwin\emWin_library\MCUXpresso\libemWin_M4F.a(GUI_Common.o) (GUI__GetLineNumChars)
C:\Users\DELL\Desktop\Wbudowane\LEGO_SmartCity\emwin\emWin_library\MCUXpresso\libemWin_M4F.a(GUI_TOUCH.o)
                              ./board/emwin_support.o (GUI_TOUCH_StoreStateEx)
C:\Users\DELL\Desktop\Wbudowane\LEGO_SmartCity\emwin\emWin_library\MCUXpresso\libemWin_M4F.a(GUI_WaitEvent.o)
                              C:\Users\DELL\Desktop\Wbudowane\LEGO_SmartCity\emwin\emWin_library\MCUXpresso\libemWin_M4F.a(WM.o) (GUI_SignalEvent)
C:\Users\DELL\Desktop\Wbudowane\LEGO_SmartCity\emwin\emWin_library\MCUXpresso\libemWin_M4F.a(GUI_DispString.o)
                              C:\Users\DELL\Desktop\Wbudowane\LEGO_SmartCity\emwin\emWin_library\MCUXpresso\libemWin_M4F.a(GUI_Common.o) (GUI_DispString)
C:\Users\DELL\Desktop\Wbudowane\LEGO_SmartCity\emwin\emWin_library\MCUXpresso\libemWin_M4F.a(GUI_Char.o)
                              C:\Users\DELL\Desktop\Wbudowane\LEGO_SmartCity\emwin\emWin_library\MCUXpresso\libemWin_M4F.a(GUI_Common.o) (GUI_GetYAdjust)
C:\Users\DELL\Desktop\Wbudowane\LEGO_SmartCity\emwin\emWin_library\MCUXpresso\libemWin_M4F.a(GUI__Alpha.o)
                              C:\Users\DELL\Desktop\Wbudowane\LEGO_SmartCity\emwin\emWin_library\MCUXpresso\libemWin_M4F.a(GUI__Private.o) (GUI__pfMixColors)
C:\Users\DELL\Desktop\Wbudowane\LEGO_SmartCity\emwin\emWin_library\MCUXpresso\libemWin_M4F.a(GUI_CharM.o)
                              C:\Users\DELL\Desktop\Wbudowane\LEGO_SmartCity\emwin\emWin_library\MCUXpresso\libemWin_M4F.a(F6x8.o) (GUIMONO_DispChar)
C:\Users\DELL\Desktop\Wbudowane\LEGO_SmartCity\emwin\emWin_library\MCUXpresso\libemWin_M4F.a(GUIDEV_16.o)
                              C:\Users\DELL\Desktop\Wbudowane\LEGO_SmartCity\emwin\emWin_library\MCUXpresso\libemWin_M4F.a(GUIDRV_Lin_16.o) (GUI_MEMDEV_DEVICE_16)
C:\Users\DELL\Desktop\Wbudowane\LEGO_SmartCity\emwin\emWin_library\MCUXpresso\libemWin_M4F.a(GUIDEV.o)
                              C:\Users\DELL\Desktop\Wbudowane\LEGO_SmartCity\emwin\emWin_library\MCUXpresso\libemWin_M4F.a(WM.o) (GUI_MEMDEV_Delete)
C:\Users\DELL\Desktop\Wbudowane\LEGO_SmartCity\emwin\emWin_library\MCUXpresso\libemWin_M4F.a(GUIDEV_WriteToActiveOpaque.o)
                              C:\Users\DELL\Desktop\Wbudowane\LEGO_SmartCity\emwin\emWin_library\MCUXpresso\libemWin_M4F.a(GUIDEV_16.o) (GUI_MEMDEV__WriteToActiveOpaque)
C:\Users\DELL\Desktop\Wbudowane\LEGO_SmartCity\emwin\emWin_library\MCUXpresso\libemWin_M4F.a(GUIDEV_Usage.o)
                              C:\Users\DELL\Desktop\Wbudowane\LEGO_SmartCity\emwin\emWin_library\MCUXpresso\libemWin_M4F.a(GUIDEV.o) (GUI_USAGE_DecUseCnt)
C:\Users\DELL\Desktop\Wbudowane\LEGO_SmartCity\emwin\emWin_library\MCUXpresso\libemWin_M4F.a(GUIDEV_GetDataPtr.o)
                              C:\Users\DELL\Desktop\Wbudowane\LEGO_SmartCity\emwin\emWin_library\MCUXpresso\libemWin_M4F.a(GUIDEV_WriteToActiveOpaque.o) (GUI_MEMDEV_GetDataPtr)
C:\Users\DELL\Desktop\Wbudowane\LEGO_SmartCity\emwin\emWin_library\MCUXpresso\libemWin_M4F.a(GUIDEV_StaticDevices.o)
                              C:\Users\DELL\Desktop\Wbudowane\LEGO_SmartCity\emwin\emWin_library\MCUXpresso\libemWin_M4F.a(WM.o) (GUI_MEMDEV_Paint1Static)
C:\Users\DELL\Desktop\Wbudowane\LEGO_SmartCity\emwin\emWin_library\MCUXpresso\libemWin_M4F.a(GUIDEV_Write.o)
                              C:\Users\DELL\Desktop\Wbudowane\LEGO_SmartCity\emwin\emWin_library\MCUXpresso\libemWin_M4F.a(GUIDEV_StaticDevices.o) (GUI_MEMDEV_Write)
C:\Users\DELL\Desktop\Wbudowane\LEGO_SmartCity\emwin\emWin_library\MCUXpresso\libemWin_M4F.a(GUIDEV_GetXSize.o)
                              C:\Users\DELL\Desktop\Wbudowane\LEGO_SmartCity\emwin\emWin_library\MCUXpresso\libemWin_M4F.a(GUIDEV_StaticDevices.o) (GUI_MEMDEV_GetXSize)
C:\Users\DELL\Desktop\Wbudowane\LEGO_SmartCity\emwin\emWin_library\MCUXpresso\libemWin_M4F.a(GUIDEV_SetOrg.o)
                              C:\Users\DELL\Desktop\Wbudowane\LEGO_SmartCity\emwin\emWin_library\MCUXpresso\libemWin_M4F.a(GUIDEV_StaticDevices.o) (GUI_MEMDEV_SetOrg)
C:\Users\DELL\Desktop\Wbudowane\LEGO_SmartCity\emwin\emWin_library\MCUXpresso\libemWin_M4F.a(GUIDEV_GetYSize.o)
                              C:\Users\DELL\Desktop\Wbudowane\LEGO_SmartCity\emwin\emWin_library\MCUXpresso\libemWin_M4F.a(GUIDEV_StaticDevices.o) (GUI_MEMDEV_GetYSize)
C:\Users\DELL\Desktop\Wbudowane\LEGO_SmartCity\emwin\emWin_library\MCUXpresso\libemWin_M4F.a(GUIDEV_32.o)
                              C:\Users\DELL\Desktop\Wbudowane\LEGO_SmartCity\emwin\emWin_library\MCUXpresso\libemWin_M4F.a(GUIDEV_StaticDevices.o) (GUI_MEMDEV_DEVICE_32)
C:\Users\DELL\Desktop\Wbudowane\LEGO_SmartCity\emwin\emWin_library\MCUXpresso\libemWin_M4F.a(GUIDEV_Banding.o)
                              C:\Users\DELL\Desktop\Wbudowane\LEGO_SmartCity\emwin\emWin_library\MCUXpresso\libemWin_M4F.a(WM.o) (GUI_MEMDEV_Draw)
C:\Users\DELL\Desktop\Wbudowane\LEGO_SmartCity\emwin\emWin_library\MCUXpresso\libemWin_M4F.a(GUIDEV_UsageBM.o)
                              C:\Users\DELL\Desktop\Wbudowane\LEGO_SmartCity\emwin\emWin_library\MCUXpresso\libemWin_M4F.a(GUIDEV.o) (GUI_USAGE_BM_Create)
C:\Users\DELL\Desktop\Wbudowane\LEGO_SmartCity\emwin\emWin_library\MCUXpresso\libemWin_M4F.a(GUIDEV_WriteToActiveAlpha.o)
                              C:\Users\DELL\Desktop\Wbudowane\LEGO_SmartCity\emwin\emWin_library\MCUXpresso\libemWin_M4F.a(GUIDEV_32.o) (GUI_MEMDEV__WriteToActiveAlpha)
C:\Users\DELL\Desktop\Wbudowane\LEGO_SmartCity\emwin\emWin_library\MCUXpresso\libemWin_M4F.a(WM_Screen2Win.o)
                              C:\Users\DELL\Desktop\Wbudowane\LEGO_SmartCity\emwin\emWin_library\MCUXpresso\libemWin_M4F.a(WM_Touch.o) (WM_Screen2hWin)
C:\Users\DELL\Desktop\Wbudowane\LEGO_SmartCity\emwin\emWin_library\MCUXpresso\libemWin_M4F.a(WM_SetCapture.o)
                              C:\Users\DELL\Desktop\Wbudowane\LEGO_SmartCity\emwin\emWin_library\MCUXpresso\libemWin_M4F.a(WM_Touch.o) (WM_ReleaseCapture)
C:\Users\DELL\Desktop\Wbudowane\LEGO_SmartCity\emwin\emWin_library\MCUXpresso\libemWin_M4F.a(WM_Timer.o)
                              C:\Users\DELL\Desktop\Wbudowane\LEGO_SmartCity\emwin\emWin_library\MCUXpresso\libemWin_M4F.a(WM.o) (WM__DeleteAssocTimer)
C:\Users\DELL\Desktop\Wbudowane\LEGO_SmartCity\emwin\emWin_library\MCUXpresso\libemWin_M4F.a(GUI__CompactPixelIndices.o)
                              C:\Users\DELL\Desktop\Wbudowane\LEGO_SmartCity\emwin\emWin_library\MCUXpresso\libemWin_M4F.a(GUIDEV_WriteToActiveOpaque.o) (GUI__CompactPixelIndices)
C:\Users\DELL\Desktop\Wbudowane\LEGO_SmartCity\emwin\emWin_library\MCUXpresso\libemWin_M4F.a(LCD_AA.o)
                              C:\Users\DELL\Desktop\Wbudowane\LEGO_SmartCity\emwin\emWin_library\MCUXpresso\libemWin_M4F.a(GUI_DrawBitmap.o) (LCD_AA_SetOrMask)
C:\Users\DELL\Desktop\Wbudowane\LEGO_SmartCity\emwin\emWin_library\MCUXpresso\libemWin_M4F.a(LCD_Color.o)
                              C:\Users\DELL\Desktop\Wbudowane\LEGO_SmartCity\emwin\emWin_library\MCUXpresso\libemWin_M4F.a(LCD.o) (LCD_InitColors)
C:\Users\DELL\Desktop\Wbudowane\LEGO_SmartCity\emwin\emWin_library\MCUXpresso\libemWin_M4F.a(LCD_SelectLCD.o)
                              C:\Users\DELL\Desktop\Wbudowane\LEGO_SmartCity\emwin\emWin_library\MCUXpresso\libemWin_M4F.a(GUI_Common.o) (LCD_SelectLCD)
C:\Users\DELL\Desktop\Wbudowane\LEGO_SmartCity\emwin\emWin_library\MCUXpresso\libemWin_M4F.a(GUI_DispChar.o)
                              C:\Users\DELL\Desktop\Wbudowane\LEGO_SmartCity\emwin\emWin_library\MCUXpresso\libemWin_M4F.a(GUI_DispString.o) (GUI_DispChar)
C:\Users\DELL\Desktop\Wbudowane\LEGO_SmartCity\emwin\emWin_library\MCUXpresso\libemWin_M4F.a(LCD_Rotate180.o)
                              C:\Users\DELL\Desktop\Wbudowane\LEGO_SmartCity\emwin\emWin_library\MCUXpresso\libemWin_M4F.a(GUI_DispString.o) (LCD_APIList180)
C:\Users\DELL\Desktop\Wbudowane\LEGO_SmartCity\emwin\emWin_library\MCUXpresso\libemWin_M4F.a(LCD_GetNumDisplays.o)
                              C:\Users\DELL\Desktop\Wbudowane\LEGO_SmartCity\emwin\emWin_library\MCUXpresso\libemWin_M4F.a(LCD_Color.o) (LCD_GetNumLayers)
C:\Users\DELL\Desktop\Wbudowane\LEGO_SmartCity\emwin\emWin_library\MCUXpresso\libemWin_M4F.a(GUI_Time.o)
                              C:\Users\DELL\Desktop\Wbudowane\LEGO_SmartCity\emwin\emWin_library\MCUXpresso\libemWin_M4F.a(WM_Timer.o) (GUI_GetTime)
C:\Users\DELL\Desktop\Wbudowane\LEGO_SmartCity\emwin\emWin_library\MCUXpresso\libemWin_M4F.a(GUI_SPRITE.o)
                              C:\Users\DELL\Desktop\Wbudowane\LEGO_SmartCity\emwin\emWin_library\MCUXpresso\libemWin_M4F.a(GUI_Cursor.o) (GUI_SPRITE__CreateEx)
C:\Users\DELL\Desktop\Wbudowane\LEGO_SmartCity\emwin\emWin_library\MCUXpresso\libemWin_M4F.a(LCD_RotateCCW.o)
                              C:\Users\DELL\Desktop\Wbudowane\LEGO_SmartCity\emwin\emWin_library\MCUXpresso\libemWin_M4F.a(GUI_DispString.o) (LCD_APIListCCW)
C:\Users\DELL\Desktop\Wbudowane\LEGO_SmartCity\emwin\emWin_library\MCUXpresso\libemWin_M4F.a(LCD_GetColorIndex.o)
                              C:\Users\DELL\Desktop\Wbudowane\LEGO_SmartCity\emwin\emWin_library\MCUXpresso\libemWin_M4F.a(GUI_Common.o) (LCD_GetBkColorIndex)
C:\Users\DELL\Desktop\Wbudowane\LEGO_SmartCity\emwin\emWin_library\MCUXpresso\libemWin_M4F.a(LCD_RotateCW.o)
                              C:\Users\DELL\Desktop\Wbudowane\LEGO_SmartCity\emwin\emWin_library\MCUXpresso\libemWin_M4F.a(GUI_DispString.o) (LCD_APIListCW)
C:\Users\DELL\Desktop\Wbudowane\LEGO_SmartCity\emwin\emWin_library\MCUXpresso\libemWin_M4F.a(GUI_CursorResource.o)
                              C:\Users\DELL\Desktop\Wbudowane\LEGO_SmartCity\emwin\emWin_library\MCUXpresso\libemWin_M4F.a(GUI_Cursor.o) (GUI_CursorArrowM)
C:\Users\DELL\Desktop\Wbudowane\LEGO_SmartCity\emwin\emWin_library\MCUXpresso\libemWin_M4F.a(GUI_Timer.o)
                              C:\Users\DELL\Desktop\Wbudowane\LEGO_SmartCity\emwin\emWin_library\MCUXpresso\libemWin_M4F.a(GUI_WaitEvent.o) (GUI_TIMER__IsActive)
C:\Users\DELL\Desktop\Wbudowane\LEGO_SmartCity\emwin\emWin_library\MCUXpresso\libemWin_M4F.a(GUICC_0.o)
                              C:\Users\DELL\Desktop\Wbudowane\LEGO_SmartCity\emwin\emWin_library\MCUXpresso\libemWin_M4F.a(LCD_Color.o) (LCD_API_ColorConv_0)
C:\Users\DELL\Desktop\Wbudowane\LEGO_SmartCity\emwin\emWin_library\MCUXpresso\libemWin_M4F.a(GUI_SetAlpha.o)
                              C:\Users\DELL\Desktop\Wbudowane\LEGO_SmartCity\emwin\emWin_library\MCUXpresso\libemWin_M4F.a(GUIDEV_StaticDevices.o) (GUI__AlphaPreserveTrans)
C:\Users\DELL\Desktop\Wbudowane\LEGO_SmartCity\emwin\emWin_library\MCUXpresso\libemWin_M4F.a(GUI_UC_EncodeNone.o)
                              C:\Users\DELL\Desktop\Wbudowane\LEGO_SmartCity\emwin\emWin_library\MCUXpresso\libemWin_M4F.a(GUI_Core.o) (GUI_UC_None)
C:\Users\DELL\Desktop\Wbudowane\LEGO_SmartCity\emwin\emWin_library\MCUXpresso\libemWin_M4F.a(LCD_GetP.o)
                              C:\Users\DELL\Desktop\Wbudowane\LEGO_SmartCity\emwin\emWin_library\MCUXpresso\libemWin_M4F.a(LCD_GetPixelColor.o) (LCD_GetPixelIndex)
C:\Users\DELL\Desktop\Wbudowane\LEGO_SmartCity\emwin\emWin_library\MCUXpresso\libemWin_M4F.a(GUICC_M8888I_Index2Color.o)
                              C:\Users\DELL\Desktop\Wbudowane\LEGO_SmartCity\emwin\emWin_library\MCUXpresso\libemWin_M4F.a(GUI__Alpha.o) (LCD_Index2Color_M8888I)
C:\Users\DELL\Desktop\Wbudowane\LEGO_SmartCity\emwin\emWin_library\MCUXpresso\libemWin_M4F.a(LCD_ReadRect.o)
                              C:\Users\DELL\Desktop\Wbudowane\LEGO_SmartCity\emwin\emWin_library\MCUXpresso\libemWin_M4F.a(GUI__Alpha.o) (GUI_ReadRectEx)
C:\Users\DELL\Desktop\Wbudowane\LEGO_SmartCity\emwin\emWin_library\MCUXpresso\libemWin_M4F.a(LCD_UpdateColorIndices.o)
                              C:\Users\DELL\Desktop\Wbudowane\LEGO_SmartCity\emwin\emWin_library\MCUXpresso\libemWin_M4F.a(GUI_Common.o) (LCD_UpdateColorIndices)
C:\Users\DELL\Desktop\Wbudowane\LEGO_SmartCity\emwin\emWin_library\MCUXpresso\libemWin_M4F.a(GUI_DispStringInRectEx.o)
                              C:\Users\DELL\Desktop\Wbudowane\LEGO_SmartCity\emwin\emWin_library\MCUXpresso\libemWin_M4F.a(GUI_DispString.o) (GUI_DispStringInRectEx)
C:\Users\DELL\Desktop\Wbudowane\LEGO_SmartCity\emwin\emWin_library\MCUXpresso\libemWin_M4F.a(GUI__Wrap.o)
                              C:\Users\DELL\Desktop\Wbudowane\LEGO_SmartCity\emwin\emWin_library\MCUXpresso\libemWin_M4F.a(GUI_DispString.o) (GUI__WrapGetNumCharsDisp)
C:\Users\DELL\Desktop\Wbudowane\LEGO_SmartCity\emwin\emWin_library\MCUXpresso\libemWin_M4F.a(GUICC_M8888I.o)
                              C:\Users\DELL\Desktop\Wbudowane\LEGO_SmartCity\emwin\emWin_library\MCUXpresso\libemWin_M4F.a(GUIDEV.o) (LCD_API_ColorConv_M8888I)
C:\Users\DELL\Desktop\Wbudowane\LEGO_SmartCity\emwin\emWin_library\MCUXpresso\libemWin_M4F.a(GUI__ExpandPixelIndices.o)
                              C:\Users\DELL\Desktop\Wbudowane\LEGO_SmartCity\emwin\emWin_library\MCUXpresso\libemWin_M4F.a(GUI_SetAlpha.o) (GUI__ExpandPixelIndices)
C:\Users\DELL\Desktop\Wbudowane\LEGO_SmartCity\emwin\emWin_library\MCUXpresso\libemWin_M4F.a(GUIDEV_CreateFixed.o)
                              C:\Users\DELL\Desktop\Wbudowane\LEGO_SmartCity\emwin\emWin_library\MCUXpresso\libemWin_M4F.a(GUIDEV_StaticDevices.o) (GUI_MEMDEV_CreateFixed)
C:\Users\DELL\Desktop\Wbudowane\LEGO_SmartCity\emwin\emWin_library\MCUXpresso\libemWin_M4F.a(GUIDEV_GetPos.o)
                              C:\Users\DELL\Desktop\Wbudowane\LEGO_SmartCity\emwin\emWin_library\MCUXpresso\libemWin_M4F.a(GUIDEV_StaticDevices.o) (GUI_MEMDEV_GetXPos)
C:\Users\DELL\Desktop\Wbudowane\LEGO_SmartCity\emwin\emWin_library\MCUXpresso\libemWin_M4F.a(GUIDEV_ReduceYSize.o)
                              C:\Users\DELL\Desktop\Wbudowane\LEGO_SmartCity\emwin\emWin_library\MCUXpresso\libemWin_M4F.a(GUIDEV_Banding.o) (GUI_MEMDEV_ReduceYSize)
C:\Users\DELL\Desktop\Wbudowane\LEGO_SmartCity\emwin\emWin_library\MCUXpresso\libemWin_M4F.a(GUIDEV_Clear.o)
                              C:\Users\DELL\Desktop\Wbudowane\LEGO_SmartCity\emwin\emWin_library\MCUXpresso\libemWin_M4F.a(GUIDEV_Banding.o) (GUI_MEMDEV_Clear)
c:/nxp/mcuxpressoide_10.2.1_795/ide/tools/bin/../lib/gcc/arm-none-eabi/7.2.1/../../../../arm-none-eabi/lib/thumb/v7e-m/fpv4-sp/hard\libcr_semihost_nf.a(_cr__main.o)
                              ./startup/startup_lpc54628.o (__main)
c:/nxp/mcuxpressoide_10.2.1_795/ide/tools/bin/../lib/gcc/arm-none-eabi/7.2.1/../../../../arm-none-eabi/lib/thumb/v7e-m/fpv4-sp/hard\libcr_semihost_nf.a(_cr_assert.o)
                              ./utilities/fsl_debug_console.o (__assertion_failed)
c:/nxp/mcuxpressoide_10.2.1_795/ide/tools/bin/../lib/gcc/arm-none-eabi/7.2.1/../../../../arm-none-eabi/lib/thumb/v7e-m/fpv4-sp/hard\libcr_semihost_nf.a(__ciob.o)
                              c:/nxp/mcuxpressoide_10.2.1_795/ide/tools/bin/../lib/gcc/arm-none-eabi/7.2.1/../../../../arm-none-eabi/lib/thumb/v7e-m/fpv4-sp/hard\libcr_semihost_nf.a(_cr_assert.o) (__Ciob)
c:/nxp/mcuxpressoide_10.2.1_795/ide/tools/bin/../lib/gcc/arm-none-eabi/7.2.1/../../../../arm-none-eabi/lib/thumb/v7e-m/fpv4-sp/hard\libcr_semihost_nf.a(__sys_appexit.o)
                              c:/nxp/mcuxpressoide_10.2.1_795/ide/tools/bin/../lib/gcc/arm-none-eabi/7.2.1/../../../../arm-none-eabi/lib/thumb/v7e-m/fpv4-sp/hard\libcr_semihost_nf.a(_cr_assert.o) (__sys_appexit)
c:/nxp/mcuxpressoide_10.2.1_795/ide/tools/bin/../lib/gcc/arm-none-eabi/7.2.1/../../../../arm-none-eabi/lib/thumb/v7e-m/fpv4-sp/hard\libcr_c.a(memcpy.o)
                              ./board/emwin_support.o (memcpy)
c:/nxp/mcuxpressoide_10.2.1_795/ide/tools/bin/../lib/gcc/arm-none-eabi/7.2.1/../../../../arm-none-eabi/lib/thumb/v7e-m/fpv4-sp/hard\libcr_c.a(memmove.o)
                              C:\Users\DELL\Desktop\Wbudowane\LEGO_SmartCity\emwin\emWin_library\MCUXpresso\libemWin_M4F.a(GUI_Alloc.o) (memmove)
c:/nxp/mcuxpressoide_10.2.1_795/ide/tools/bin/../lib/gcc/arm-none-eabi/7.2.1/../../../../arm-none-eabi/lib/thumb/v7e-m/fpv4-sp/hard\libcr_c.a(memset.o)
                              ./utilities/fsl_debug_console.o (memset)
c:/nxp/mcuxpressoide_10.2.1_795/ide/tools/bin/../lib/gcc/arm-none-eabi/7.2.1/../../../../arm-none-eabi/lib/thumb/v7e-m/fpv4-sp/hard\libcr_c.a(_deferredlazyseek.o)
                              c:/nxp/mcuxpressoide_10.2.1_795/ide/tools/bin/../lib/gcc/arm-none-eabi/7.2.1/../../../../arm-none-eabi/lib/thumb/v7e-m/fpv4-sp/hard\libcr_semihost_nf.a(_cr_assert.o) (__flsbuf)
c:/nxp/mcuxpressoide_10.2.1_795/ide/tools/bin/../lib/gcc/arm-none-eabi/7.2.1/../../../../arm-none-eabi/lib/thumb/v7e-m/fpv4-sp/hard\libcr_c.a(_fflush.o)
                              c:/nxp/mcuxpressoide_10.2.1_795/ide/tools/bin/../lib/gcc/arm-none-eabi/7.2.1/../../../../arm-none-eabi/lib/thumb/v7e-m/fpv4-sp/hard\libcr_c.a(_deferredlazyseek.o) (_fflush)
c:/nxp/mcuxpressoide_10.2.1_795/ide/tools/bin/../lib/gcc/arm-none-eabi/7.2.1/../../../../arm-none-eabi/lib/thumb/v7e-m/fpv4-sp/hard\libcr_c.a(_writebuf.o)
                              c:/nxp/mcuxpressoide_10.2.1_795/ide/tools/bin/../lib/gcc/arm-none-eabi/7.2.1/../../../../arm-none-eabi/lib/thumb/v7e-m/fpv4-sp/hard\libcr_c.a(_deferredlazyseek.o) (_Cwritebuf)
c:/nxp/mcuxpressoide_10.2.1_795/ide/tools/bin/../lib/gcc/arm-none-eabi/7.2.1/../../../../arm-none-eabi/lib/thumb/v7e-m/fpv4-sp/hard\libcr_c.a(alloc.o)
                              ./drivers/fsl_common.o (malloc)
c:/nxp/mcuxpressoide_10.2.1_795/ide/tools/bin/../lib/gcc/arm-none-eabi/7.2.1/../../../../arm-none-eabi/lib/thumb/v7e-m/fpv4-sp/hard\libcr_c.a(fpprintf.o)
                              ./utilities/fsl_assert.o (printf)
c:/nxp/mcuxpressoide_10.2.1_795/ide/tools/bin/../lib/gcc/arm-none-eabi/7.2.1/../../../../arm-none-eabi/lib/thumb/v7e-m/fpv4-sp/hard\libcr_c.a(fputs.o)
                              c:/nxp/mcuxpressoide_10.2.1_795/ide/tools/bin/../lib/gcc/arm-none-eabi/7.2.1/../../../../arm-none-eabi/lib/thumb/v7e-m/fpv4-sp/hard\libcr_semihost_nf.a(_cr_assert.o) (fputs)
c:/nxp/mcuxpressoide_10.2.1_795/ide/tools/bin/../lib/gcc/arm-none-eabi/7.2.1/../../../../arm-none-eabi/lib/thumb/v7e-m/fpv4-sp/hard\libcr_c.a(fseek.o)
                              c:/nxp/mcuxpressoide_10.2.1_795/ide/tools/bin/../lib/gcc/arm-none-eabi/7.2.1/../../../../arm-none-eabi/lib/thumb/v7e-m/fpv4-sp/hard\libcr_c.a(_deferredlazyseek.o) (fseek)
c:/nxp/mcuxpressoide_10.2.1_795/ide/tools/bin/../lib/gcc/arm-none-eabi/7.2.1/../../../../arm-none-eabi/lib/thumb/v7e-m/fpv4-sp/hard\libcr_c.a(ftell.o)
                              c:/nxp/mcuxpressoide_10.2.1_795/ide/tools/bin/../lib/gcc/arm-none-eabi/7.2.1/../../../../arm-none-eabi/lib/thumb/v7e-m/fpv4-sp/hard\libcr_c.a(fseek.o) (ftell)
c:/nxp/mcuxpressoide_10.2.1_795/ide/tools/bin/../lib/gcc/arm-none-eabi/7.2.1/../../../../arm-none-eabi/lib/thumb/v7e-m/fpv4-sp/hard\libcr_c.a(initio.o)
                              c:/nxp/mcuxpressoide_10.2.1_795/ide/tools/bin/../lib/gcc/arm-none-eabi/7.2.1/../../../../arm-none-eabi/lib/thumb/v7e-m/fpv4-sp/hard\libcr_semihost_nf.a(_cr__main.o) (_initio)
c:/nxp/mcuxpressoide_10.2.1_795/ide/tools/bin/../lib/gcc/arm-none-eabi/7.2.1/../../../../arm-none-eabi/lib/thumb/v7e-m/fpv4-sp/hard\libcr_c.a(memcmp.o)
                              C:\Users\DELL\Desktop\Wbudowane\LEGO_SmartCity\emwin\emWin_library\MCUXpresso\libemWin_M4F.a(GUI_TOUCH.o) (memcmp)
c:/nxp/mcuxpressoide_10.2.1_795/ide/tools/bin/../lib/gcc/arm-none-eabi/7.2.1/../../../../arm-none-eabi/lib/thumb/v7e-m/fpv4-sp/hard\libcr_c.a(modf.o)
                              ./utilities/fsl_str.o (modf)
c:/nxp/mcuxpressoide_10.2.1_795/ide/tools/bin/../lib/gcc/arm-none-eabi/7.2.1/../../../../arm-none-eabi/lib/thumb/v7e-m/fpv4-sp/hard\libcr_c.a(pow.o)
                              ./utilities/fsl_str.o (pow)
c:/nxp/mcuxpressoide_10.2.1_795/ide/tools/bin/../lib/gcc/arm-none-eabi/7.2.1/../../../../arm-none-eabi/lib/thumb/v7e-m/fpv4-sp/hard\libcr_c.a(printf.o)
                              c:/nxp/mcuxpressoide_10.2.1_795/ide/tools/bin/../lib/gcc/arm-none-eabi/7.2.1/../../../../arm-none-eabi/lib/thumb/v7e-m/fpv4-sp/hard\libcr_c.a(fpprintf.o) (__vfprintf)
c:/nxp/mcuxpressoide_10.2.1_795/ide/tools/bin/../lib/gcc/arm-none-eabi/7.2.1/../../../../arm-none-eabi/lib/thumb/v7e-m/fpv4-sp/hard\libcr_c.a(setvbuf.o)
                              c:/nxp/mcuxpressoide_10.2.1_795/ide/tools/bin/../lib/gcc/arm-none-eabi/7.2.1/../../../../arm-none-eabi/lib/thumb/v7e-m/fpv4-sp/hard\libcr_c.a(initio.o) (setvbuf)
c:/nxp/mcuxpressoide_10.2.1_795/ide/tools/bin/../lib/gcc/arm-none-eabi/7.2.1/../../../../arm-none-eabi/lib/thumb/v7e-m/fpv4-sp/hard\libcr_c.a(strcmp.o)
                              C:\Users\DELL\Desktop\Wbudowane\LEGO_SmartCity\emwin\emWin_library\MCUXpresso\libemWin_M4F.a(GUI__Private.o) (strcmp)
c:/nxp/mcuxpressoide_10.2.1_795/ide/tools/bin/../lib/gcc/arm-none-eabi/7.2.1/../../../../arm-none-eabi/lib/thumb/v7e-m/fpv4-sp/hard\libcr_c.a(strcpy.o)
                              C:\Users\DELL\Desktop\Wbudowane\LEGO_SmartCity\emwin\emWin_library\MCUXpresso\libemWin_M4F.a(GUI__Private.o) (strcpy)
c:/nxp/mcuxpressoide_10.2.1_795/ide/tools/bin/../lib/gcc/arm-none-eabi/7.2.1/../../../../arm-none-eabi/lib/thumb/v7e-m/fpv4-sp/hard\libcr_c.a(strlen.o)
                              ./utilities/fsl_str.o (strlen)
c:/nxp/mcuxpressoide_10.2.1_795/ide/tools/bin/../lib/gcc/arm-none-eabi/7.2.1/../../../../arm-none-eabi/lib/thumb/v7e-m/fpv4-sp/hard\libcr_c.a(__init_alloc.o)
                              c:/nxp/mcuxpressoide_10.2.1_795/ide/tools/bin/../lib/gcc/arm-none-eabi/7.2.1/../../../../arm-none-eabi/lib/thumb/v7e-m/fpv4-sp/hard\libcr_c.a(alloc.o) (__heaps)
c:/nxp/mcuxpressoide_10.2.1_795/ide/tools/bin/../lib/gcc/arm-none-eabi/7.2.1/../../../../arm-none-eabi/lib/thumb/v7e-m/fpv4-sp/hard\libcr_c.a(_cr_sbrk.o)
                              c:/nxp/mcuxpressoide_10.2.1_795/ide/tools/bin/../lib/gcc/arm-none-eabi/7.2.1/../../../../arm-none-eabi/lib/thumb/v7e-m/fpv4-sp/hard\libcr_c.a(alloc.o) (_sbrk)
c:/nxp/mcuxpressoide_10.2.1_795/ide/tools/bin/../lib/gcc/arm-none-eabi/7.2.1/../../../../arm-none-eabi/lib/thumb/v7e-m/fpv4-sp/hard\libcr_c.a(_fdopen.o)
                              c:/nxp/mcuxpressoide_10.2.1_795/ide/tools/bin/../lib/gcc/arm-none-eabi/7.2.1/../../../../arm-none-eabi/lib/thumb/v7e-m/fpv4-sp/hard\libcr_c.a(initio.o) (_fdopen)
c:/nxp/mcuxpressoide_10.2.1_795/ide/tools/bin/../lib/gcc/arm-none-eabi/7.2.1/../../../../arm-none-eabi/lib/thumb/v7e-m/fpv4-sp/hard\libcr_c.a(_frexpl.o)
                              c:/nxp/mcuxpressoide_10.2.1_795/ide/tools/bin/../lib/gcc/arm-none-eabi/7.2.1/../../../../arm-none-eabi/lib/thumb/v7e-m/fpv4-sp/hard\libcr_c.a(fpprintf.o) (_frexpl)
c:/nxp/mcuxpressoide_10.2.1_795/ide/tools/bin/../lib/gcc/arm-none-eabi/7.2.1/../../../../arm-none-eabi/lib/thumb/v7e-m/fpv4-sp/hard\libcr_c.a(_hugeval.o)
                              c:/nxp/mcuxpressoide_10.2.1_795/ide/tools/bin/../lib/gcc/arm-none-eabi/7.2.1/../../../../arm-none-eabi/lib/thumb/v7e-m/fpv4-sp/hard\libcr_c.a(pow.o) (__huge_val)
c:/nxp/mcuxpressoide_10.2.1_795/ide/tools/bin/../lib/gcc/arm-none-eabi/7.2.1/../../../../arm-none-eabi/lib/thumb/v7e-m/fpv4-sp/hard\libcr_c.a(_ldexpl.o)
                              c:/nxp/mcuxpressoide_10.2.1_795/ide/tools/bin/../lib/gcc/arm-none-eabi/7.2.1/../../../../arm-none-eabi/lib/thumb/v7e-m/fpv4-sp/hard\libcr_c.a(fpprintf.o) (_ldexpl)
c:/nxp/mcuxpressoide_10.2.1_795/ide/tools/bin/../lib/gcc/arm-none-eabi/7.2.1/../../../../arm-none-eabi/lib/thumb/v7e-m/fpv4-sp/hard\libcr_c.a(errno.o)
                              c:/nxp/mcuxpressoide_10.2.1_795/ide/tools/bin/../lib/gcc/arm-none-eabi/7.2.1/../../../../arm-none-eabi/lib/thumb/v7e-m/fpv4-sp/hard\libcr_c.a(ftell.o) (errno)
c:/nxp/mcuxpressoide_10.2.1_795/ide/tools/bin/../lib/gcc/arm-none-eabi/7.2.1/../../../../arm-none-eabi/lib/thumb/v7e-m/fpv4-sp/hard\libcr_c.a(fclose.o)
                              c:/nxp/mcuxpressoide_10.2.1_795/ide/tools/bin/../lib/gcc/arm-none-eabi/7.2.1/../../../../arm-none-eabi/lib/thumb/v7e-m/fpv4-sp/hard\libcr_c.a(initio.o) (fclose)
c:/nxp/mcuxpressoide_10.2.1_795/ide/tools/bin/../lib/gcc/arm-none-eabi/7.2.1/../../../../arm-none-eabi/lib/thumb/v7e-m/fpv4-sp/hard\libcr_c.a(fflush.o)
                              c:/nxp/mcuxpressoide_10.2.1_795/ide/tools/bin/../lib/gcc/arm-none-eabi/7.2.1/../../../../arm-none-eabi/lib/thumb/v7e-m/fpv4-sp/hard\libcr_c.a(fclose.o) (fflush)
c:/nxp/mcuxpressoide_10.2.1_795/ide/tools/bin/../lib/gcc/arm-none-eabi/7.2.1/../../../../arm-none-eabi/lib/thumb/v7e-m/fpv4-sp/hard\libcr_c.a(frexp.o)
                              c:/nxp/mcuxpressoide_10.2.1_795/ide/tools/bin/../lib/gcc/arm-none-eabi/7.2.1/../../../../arm-none-eabi/lib/thumb/v7e-m/fpv4-sp/hard\libcr_c.a(pow.o) (frexp)
c:/nxp/mcuxpressoide_10.2.1_795/ide/tools/bin/../lib/gcc/arm-none-eabi/7.2.1/../../../../arm-none-eabi/lib/thumb/v7e-m/fpv4-sp/hard\libcr_c.a(ldexp.o)
                              c:/nxp/mcuxpressoide_10.2.1_795/ide/tools/bin/../lib/gcc/arm-none-eabi/7.2.1/../../../../arm-none-eabi/lib/thumb/v7e-m/fpv4-sp/hard\libcr_c.a(pow.o) (ldexp)
c:/nxp/mcuxpressoide_10.2.1_795/ide/tools/bin/../lib/gcc/arm-none-eabi/7.2.1/../../../../arm-none-eabi/lib/thumb/v7e-m/fpv4-sp/hard\libcr_c.a(remove.o)
                              c:/nxp/mcuxpressoide_10.2.1_795/ide/tools/bin/../lib/gcc/arm-none-eabi/7.2.1/../../../../arm-none-eabi/lib/thumb/v7e-m/fpv4-sp/hard\libcr_c.a(fclose.o) (remove)
c:/nxp/mcuxpressoide_10.2.1_795/ide/tools/bin/../lib/gcc/arm-none-eabi/7.2.1/../../../../arm-none-eabi/lib/thumb/v7e-m/fpv4-sp/hard\libcr_c.a(_cr_check_heap.o)
                              c:/nxp/mcuxpressoide_10.2.1_795/ide/tools/bin/../lib/gcc/arm-none-eabi/7.2.1/../../../../arm-none-eabi/lib/thumb/v7e-m/fpv4-sp/hard\libcr_c.a(_cr_sbrk.o) (__check_heap_overflow)
c:/nxp/mcuxpressoide_10.2.1_795/ide/tools/bin/../lib/gcc/arm-none-eabi/7.2.1/../../../../arm-none-eabi/lib/thumb/v7e-m/fpv4-sp/hard\libcr_c.a(_do_fflush.o)
                              c:/nxp/mcuxpressoide_10.2.1_795/ide/tools/bin/../lib/gcc/arm-none-eabi/7.2.1/../../../../arm-none-eabi/lib/thumb/v7e-m/fpv4-sp/hard\libcr_c.a(fflush.o) (_do_fflush)
c:/nxp/mcuxpressoide_10.2.1_795/ide/tools/bin/../lib/gcc/arm-none-eabi/7.2.1/thumb/v7e-m/fpv4-sp/hard\libcr_eabihelpers.a(division_64.o)
                              ./drivers/fsl_clock.o (__aeabi_uldivmod)
c:/nxp/mcuxpressoide_10.2.1_795/ide/tools/bin/../lib/gcc/arm-none-eabi/7.2.1/thumb/v7e-m/fpv4-sp/hard\libcr_eabihelpers.a(division_idiv0.o)
                              c:/nxp/mcuxpressoide_10.2.1_795/ide/tools/bin/../lib/gcc/arm-none-eabi/7.2.1/thumb/v7e-m/fpv4-sp/hard\libcr_eabihelpers.a(division_64.o) (__aeabi_idiv0)
c:/nxp/mcuxpressoide_10.2.1_795/ide/tools/bin/../lib/gcc/arm-none-eabi/7.2.1/thumb/v7e-m/fpv4-sp/hard\libcr_eabihelpers.a(double.o)
                              ./utilities/fsl_str.o (__aeabi_dmul)
c:/nxp/mcuxpressoide_10.2.1_795/ide/tools/bin/../lib/gcc/arm-none-eabi/7.2.1/thumb/v7e-m/fpv4-sp/hard\libcr_eabihelpers.a(memcpy.o)
                              c:/nxp/mcuxpressoide_10.2.1_795/ide/tools/bin/../lib/gcc/arm-none-eabi/7.2.1/../../../../arm-none-eabi/lib/thumb/v7e-m/fpv4-sp/hard\libcr_c.a(memcpy.o) (__aeabi_memcpy)
c:/nxp/mcuxpressoide_10.2.1_795/ide/tools/bin/../lib/gcc/arm-none-eabi/7.2.1/../../../../arm-none-eabi/lib/thumb/v7e-m/fpv4-sp/hard\libcr_semihost_nf.a(__sys_close.o)
                              c:/nxp/mcuxpressoide_10.2.1_795/ide/tools/bin/../lib/gcc/arm-none-eabi/7.2.1/../../../../arm-none-eabi/lib/thumb/v7e-m/fpv4-sp/hard\libcr_c.a(fclose.o) (__sys_close)
c:/nxp/mcuxpressoide_10.2.1_795/ide/tools/bin/../lib/gcc/arm-none-eabi/7.2.1/../../../../arm-none-eabi/lib/thumb/v7e-m/fpv4-sp/hard\libcr_semihost_nf.a(__sys_flen.o)
                              c:/nxp/mcuxpressoide_10.2.1_795/ide/tools/bin/../lib/gcc/arm-none-eabi/7.2.1/../../../../arm-none-eabi/lib/thumb/v7e-m/fpv4-sp/hard\libcr_c.a(_writebuf.o) (__sys_flen)
c:/nxp/mcuxpressoide_10.2.1_795/ide/tools/bin/../lib/gcc/arm-none-eabi/7.2.1/../../../../arm-none-eabi/lib/thumb/v7e-m/fpv4-sp/hard\libcr_semihost_nf.a(__sys_istty.o)
                              c:/nxp/mcuxpressoide_10.2.1_795/ide/tools/bin/../lib/gcc/arm-none-eabi/7.2.1/../../../../arm-none-eabi/lib/thumb/v7e-m/fpv4-sp/hard\libcr_c.a(_deferredlazyseek.o) (__sys_istty)
c:/nxp/mcuxpressoide_10.2.1_795/ide/tools/bin/../lib/gcc/arm-none-eabi/7.2.1/../../../../arm-none-eabi/lib/thumb/v7e-m/fpv4-sp/hard\libcr_semihost_nf.a(__sys_remove.o)
                              c:/nxp/mcuxpressoide_10.2.1_795/ide/tools/bin/../lib/gcc/arm-none-eabi/7.2.1/../../../../arm-none-eabi/lib/thumb/v7e-m/fpv4-sp/hard\libcr_c.a(remove.o) (__sys_remove)
c:/nxp/mcuxpressoide_10.2.1_795/ide/tools/bin/../lib/gcc/arm-none-eabi/7.2.1/../../../../arm-none-eabi/lib/thumb/v7e-m/fpv4-sp/hard\libcr_semihost_nf.a(__sys_rename.o)
                              c:/nxp/mcuxpressoide_10.2.1_795/ide/tools/bin/../lib/gcc/arm-none-eabi/7.2.1/../../../../arm-none-eabi/lib/thumb/v7e-m/fpv4-sp/hard\libcr_c.a(remove.o) (__sys_rename)
c:/nxp/mcuxpressoide_10.2.1_795/ide/tools/bin/../lib/gcc/arm-none-eabi/7.2.1/../../../../arm-none-eabi/lib/thumb/v7e-m/fpv4-sp/hard\libcr_semihost_nf.a(__sys_seek.o)
                              c:/nxp/mcuxpressoide_10.2.1_795/ide/tools/bin/../lib/gcc/arm-none-eabi/7.2.1/../../../../arm-none-eabi/lib/thumb/v7e-m/fpv4-sp/hard\libcr_c.a(_writebuf.o) (__sys_seek)
c:/nxp/mcuxpressoide_10.2.1_795/ide/tools/bin/../lib/gcc/arm-none-eabi/7.2.1/../../../../arm-none-eabi/lib/thumb/v7e-m/fpv4-sp/hard\libcr_semihost_nf.a(__sys_tmpnam.o)
                              c:/nxp/mcuxpressoide_10.2.1_795/ide/tools/bin/../lib/gcc/arm-none-eabi/7.2.1/../../../../arm-none-eabi/lib/thumb/v7e-m/fpv4-sp/hard\libcr_c.a(fclose.o) (__sys_tmpnam)
c:/nxp/mcuxpressoide_10.2.1_795/ide/tools/bin/../lib/gcc/arm-none-eabi/7.2.1/../../../../arm-none-eabi/lib/thumb/v7e-m/fpv4-sp/hard\libcr_semihost_nf.a(__sys_write.o)
                              c:/nxp/mcuxpressoide_10.2.1_795/ide/tools/bin/../lib/gcc/arm-none-eabi/7.2.1/../../../../arm-none-eabi/lib/thumb/v7e-m/fpv4-sp/hard\libcr_c.a(_writebuf.o) (__sys_write)
